Analyzing 2 items...                                            

warning - Unused import: 'package:story_weaver_app/widgets/error_boundary.dart' - lib\story_reader_screen.dart:7:8 - unused_import
   info - The private field _speechRate could be 'final' - lib\story_reader_screen.dart:31:10 - prefer_final_fields
   info - 'withOpacity' is deprecated and shouldn't be used. Use .withValues() to avoid precision loss - lib\story_reader_screen.dart:211:45 - deprecated_member_use
   info - 'withOpacity' is deprecated and shouldn't be used. Use .withValues() to avoid precision loss - lib\story_reader_screen.dart:229:51 - deprecated_member_use
   info - 'withOpacity' is deprecated and shouldn't be used. Use .withValues() to avoid precision loss - lib\story_reader_screen.dart:253:47 - deprecated_member_use
   info - 'withOpacity' is deprecated and shouldn't be used. Use .withValues() to avoid precision loss - lib\story_reader_screen.dart:277:57 - deprecated_member_use
   info - 'withOpacity' is deprecated and shouldn't be used. Use .withValues() to avoid precision loss - lib\story_reader_screen.dart:282:57 - deprecated_member_use
   info - 'withOpacity' is deprecated and shouldn't be used. Use .withValues() to avoid precision loss - lib\story_reader_screen.dart:287:59 - deprecated_member_use
   info - 'withOpacity' is deprecated and shouldn't be used. Use .withValues() to avoid precision loss - lib\story_reader_screen.dart:304:65 - deprecated_member_use
   info - 'withOpacity' is deprecated and shouldn't be used. Use .withValues() to avoid precision loss - lib\story_reader_screen.dart:387:49 - deprecated_member_use
   info - 'withOpacity' is deprecated and shouldn't be used. Use .withValues() to avoid precision loss - lib\story_reader_screen.dart:392:31 - deprecated_member_use
   info - 'withOpacity' is deprecated and shouldn't be used. Use .withValues() to avoid precision loss - lib\story_reader_screen.dart:398:77 - deprecated_member_use
   info - 'withOpacity' is deprecated and shouldn't be used. Use .withValues() to avoid precision loss - lib\story_reader_screen.dart:414:66 - deprecated_member_use
   info - 'withOpacity' is deprecated and shouldn't be used. Use .withValues() to avoid precision loss - lib\story_reader_screen.dart:426:64 - deprecated_member_use
   info - 'withOpacity' is deprecated and shouldn't be used. Use .withValues() to avoid precision loss - lib\story_reader_screen.dart:448:40 - deprecated_member_use
warning - Unused import: 'package:shared_preferences/shared_preferences.dart' - lib\story_result_screen.dart:12:8 - unused_import
warning - Unused import: 'story_reader_screen.dart' - lib\story_result_screen.dart:15:8 - unused_import
warning - Unused import: 'package:isar/isar.dart' - lib\story_result_screen.dart:17:8 - unused_import
warning - Unused import: 'models/local/story_local.dart' - lib\story_result_screen.dart:19:8 - unused_import
warning - Unused import: 'unlock_celebration_dialog.dart' - lib\story_result_screen.dart:28:8 - unused_import
warning - Unused import: 'achievement_celebration_dialog.dart' - lib\story_result_screen.dart:30:8 - unused_import
warning - Unused import: 'widgets/illustration_controls.dart' - lib\story_result_screen.dart:39:8 - unused_import
warning - Unused import: 'widgets/quality_badge.dart' - lib\story_result_screen.dart:42:8 - unused_import
warning - The value of the field '_isGeneratingIllustrations' isn't used - lib\story_result_screen.dart:112:8 - unused_field
warning - The value of the field '_isGeneratingColoringPages' isn't used - lib\story_result_screen.dart:113:8 - unused_field
warning - The value of the field '_showFeatureTour' isn't used - lib\story_result_screen.dart:128:8 - unused_field
warning - The declaration '_startFeatureTourIfNeeded' isn't referenced - lib\story_result_screen.dart:207:8 - unused_element
warning - The declaration '_advanceFeatureTour' isn't referenced - lib\story_result_screen.dart:242:16 - unused_element
warning - The declaration '_skipFeatureTour' isn't referenced - lib\story_result_screen.dart:258:16 - unused_element
warning - The declaration '_generateMoreIllustrations' isn't referenced - lib\story_result_screen.dart:531:16 - unused_element
warning - The declaration '_openSubscriptionUpgrade' isn't referenced - lib\story_result_screen.dart:539:16 - unused_element
warning - The declaration '_estimatedMinutes' isn't referenced - lib\story_result_screen.dart:671:11 - unused_element
warning - The declaration '_pageProgress' isn't referenced - lib\story_result_screen.dart:673:14 - unused_element
warning - The declaration '_storyTextColor' isn't referenced - lib\story_result_screen.dart:676:13 - unused_element
warning - The declaration '_storyBackgroundColor' isn't referenced - lib\story_result_screen.dart:679:13 - unused_element
warning - The declaration '_saveStory' isn't referenced - lib\story_result_screen.dart:899:16 - unused_element
warning - The declaration '_createAnotherStory' isn't referenced - lib\story_result_screen.dart:911:8 - unused_element
warning - The declaration '_toggleFavorite' isn't referenced - lib\story_result_screen.dart:1056:16 - unused_element
   info - 'activeColor' is deprecated and shouldn't be used. Use activeThumbColor instead. This feature was deprecated after v3.31.0-2.0.pre - lib\story_result_screen.dart:1128:15 - deprecated_member_use
   info - 'withOpacity' is deprecated and shouldn't be used. Use .withValues() to avoid precision loss - lib\story_result_screen.dart:1159:47 - deprecated_member_use
   info - 'withOpacity' is deprecated and shouldn't be used. Use .withValues() to avoid precision loss - lib\story_result_screen.dart:1173:53 - deprecated_member_use
   info - 'withOpacity' is deprecated and shouldn't be used. Use .withValues() to avoid precision loss - lib\story_result_screen.dart:1175:72 - deprecated_member_use
   info - 'withOpacity' is deprecated and shouldn't be used. Use .withValues() to avoid precision loss - lib\story_result_screen.dart:1202:47 - deprecated_member_use
   info - 'withOpacity' is deprecated and shouldn't be used. Use .withValues() to avoid precision loss - lib\story_result_screen.dart:1233:57 - deprecated_member_use

