2025-11-30 14:25:49,454 - __main__ - INFO - Testing with API Key: sk-or...31299
2025-11-30 14:25:49,454 - openrouter_image_generator - INFO - OpenRouter story_illustration: Sending request for story illustration prompt (first 100 chars): cartoon, high quality digital art:

A cute robot helping a cat stuck in a tree

Main character: Robo...
2025-11-30 14:26:08,996 - openrouter_image_generator - INFO - OpenRouter story_illustration: Response keys: dict_keys(['id', 'provider', 'model', 'object', 'created', 'choices', 'usage'])
2025-11-30 14:26:08,996 - openrouter_image_generator - INFO - OpenRouter story_illustration: Choice keys: dict_keys(['logprobs', 'finish_reason', 'native_finish_reason', 'index', 'message'])
2025-11-30 14:26:08,996 - openrouter_image_generator - INFO - OpenRouter story_illustration: Message keys: dict_keys(['role', 'content', 'refusal', 'reasoning', 'images'])
2025-11-30 14:26:08,996 - openrouter_image_generator - INFO - Found image data in message.images[0]['image_url']['url']
2025-11-30 14:26:08,996 - openrouter_image_generator - INFO - OpenRouter story_illustration: Successfully extracted image data. Length: 1849106
2025-11-30 14:26:09,018 - openrouter_image_generator - INFO - OpenRouter: Sending request for coloring page prompt (first 100 chars): black and white line art coloring book page, children's coloring book style:

A robot holding a flow...
2025-11-30 14:26:39,419 - openrouter_image_generator - INFO - OpenRouter coloring_page: Response keys: dict_keys(['id', 'provider', 'model', 'object', 'created', 'choices', 'usage'])
2025-11-30 14:26:39,419 - openrouter_image_generator - INFO - OpenRouter coloring_page: Successfully extracted image data. Length: 1086374

==================================================
TEST 1: Story Illustration
==================================================
SUCCESS! Generated 2 illustration(s)
   Image Details:
   - index: 0
   - type: image_url
   - image_url: {'url': 'data:image/png;base64,iVBORw0KGgoAAAANSUh... (len=1849117)

==================================================
TEST 2: Coloring Page
==================================================
SUCCESS! Generated 2 coloring page(s)
   Image Object Keys: ['index', 'type', 'image_url']
   ID: None
   URL/Data length: 1
